TOKEN_CLASS -> class
TOKEN_IDENTIFIER -> CONDITIONAL_EXAMPLE
TOKEN_FEATURE -> feature
TOKEN_IDENTIFIER -> check_number
TOKEN_LPAREN -> (
TOKEN_IDENTIFIER -> n
TOKEN_COLON -> :
TOKEN_IDENTIFIER -> INTEGER
TOKEN_RPAREN -> )
TOKEN_DO -> do
TOKEN_IF -> if
TOKEN_IDENTIFIER -> n
TOKEN_GT -> >
TOKEN_NUMBER -> 0
TOKEN_THEN -> then
TOKEN_IDENTIFIER -> print
TOKEN_LPAREN -> (
TOKEN_STRING -> "positivo%N"
TOKEN_RPAREN -> )
TOKEN_ELSE -> else
TOKEN_IDENTIFIER -> print
TOKEN_LPAREN -> (
TOKEN_STRING -> "no positivo%N"
TOKEN_RPAREN -> )
TOKEN_END -> end
TOKEN_END -> end
TOKEN_END -> end
